// Jest Snapshot v1, https://goo.gl/fbAQLP

exports[`renders the Icon correctly when multiple props are set 1`] = `
<div>
  <div
    class="mb-input input-checkbox__wrapper"
  >
    <input
      class="input-checkbox"
      id="test-name"
      name="test-name"
      type="checkbox"
    />
    <label>
      <span>
        test-label
      </span>
    </label>
  </div>
</div>
`;
