// Jest Snapshot v1, https://goo.gl/fbAQLP

exports[`renders the TextField correctly when multiple props are set 1`] = `
<div>
  <div
    class="rc-field rc-field--primary rc-field--large rc-field--large"
    role="presentation"
  >
    <label
      class="placeholder placeholder--large"
    >
      test
    </label>
    <input
      class="rc-textfield rc-textfield--large"
      type="text"
      value=""
    />
  </div>
</div>
`;
