// Jest Snapshot v1, https://goo.gl/fbAQLP

exports[`renders the FileUploader correctly when multiple props are set 1`] = `
<div>
  <div
    class="rc-field rc-field--primary rc-field--large"
    role="presentation"
  >
    <label
      class="placeholder placeholder--large"
    >
      test
    </label>
    <input
      class="rc-fileuploader__input"
      type="file"
    />
    <div
      class="rc-fileuploader rc-fileuploader--large"
    />
    <button
      class="rc-icon-button rc-icon-button--default rc-fileuploader__button"
      style="height: 18px; width: 18px;"
      type="button"
    >
      <svg
        class="rc-icon-button__icon"
        fill="#000"
        height="18"
        stroke="transparent"
        style="fill: inherit;"
        width="18"
      />
    </button>
  </div>
</div>
`;
