// Jest Snapshot v1, https://goo.gl/fbAQLP

exports[`test the Pill component renders the component correctly when multiple props are set 1`] = `
<div>
  <div
    class="rc-pill rc-pill--secondary rc-pill--active"
  >
    <div
      class="rc-pill__icon-box"
    >
      <svg
        class="rc-pill__icon"
        fill="#fff"
        height="16"
        stroke="transparent"
        width="16"
      />
    </div>
  </div>
</div>
`;
