// Jest Snapshot v1, https://goo.gl/fbAQLP

exports[`renders the Icon correctly when multiple props are set 1`] = `
<div>
  <svg
    fill="#f00"
    height="20"
    stroke="#000"
    viewBox="0 0 40 40"
    width="20"
    xmlns="http://www.w3.org/2000/svg"
  >
    <g>
      <circle
        cx="20"
        cy="20"
        r="20"
      />
    </g>
  </svg>
</div>
`;
