// Jest Snapshot v1, https://goo.gl/fbAQLP

exports[`test the MessageBox component renders the component correctly when multiple props are set 1`] = `
<div>
  <div
    class="rc-message-box rc-message-box--secondary rc-message-box--active"
    style="padding: 10px; border-width: 2px;"
  >
    <div
      class="rc-message-box__icon-box"
      style="margin-right: 10px;"
    >
      <svg
        class="rc-message-box__icon"
        fill="#fff"
        height="20"
        stroke="transparent"
        width="20"
      />
    </div>
    <div
      class="rc-message-box__messages"
      style="font-size: 13px;"
    >
      <div
        class="rc-message-box__message"
      >
        message
      </div>
    </div>
  </div>
</div>
`;
