// Jest Snapshot v1, https://goo.gl/fbAQLP

exports[`renders the Icon correctly when multiple props are set 1`] = `
<div>
  <div
    class="mb-input rc-radiogroup"
  >
    <span
      class="rc-radiogroup__label"
    >
      test-label
    </span>
    <div
      class="rc-radiogroup__inputs"
    >
      <label
        class="rc-radio__wrapper"
      >
        <input
          class="rc-radio__input rc-radio__input--primary"
          name="test-name"
          type="radio"
          value="0"
        />
        <span
          class="rc-radio__label"
        >
          0
        </span>
      </label>
      <label
        class="rc-radio__wrapper"
      >
        <input
          class="rc-radio__input rc-radio__input--primary"
          name="test-name"
          type="radio"
          value="1"
        />
        <span
          class="rc-radio__label"
        >
          1
        </span>
      </label>
      <label
        class="rc-radio__wrapper"
      >
        <input
          class="rc-radio__input rc-radio__input--primary"
          name="test-name"
          type="radio"
          value="2"
        />
        <span
          class="rc-radio__label"
        >
          2
        </span>
      </label>
      <label
        class="rc-radio__wrapper"
      >
        <input
          class="rc-radio__input rc-radio__input--primary"
          name="test-name"
          type="radio"
          value="3"
        />
        <span
          class="rc-radio__label"
        >
          3
        </span>
      </label>
      <label
        class="rc-radio__wrapper"
      >
        <input
          class="rc-radio__input rc-radio__input--primary"
          name="test-name"
          type="radio"
          value="4"
        />
        <span
          class="rc-radio__label"
        >
          4
        </span>
      </label>
    </div>
  </div>
</div>
`;
